// Jest Snapshot v1, https://goo.gl/fbAQLP

exports[`Rockets Component renders correctly 1`] = `
<div
  className="container"
>
  <br />
</div>
`;
